Component: Arm Compiler for Embedded 6.24 Tool: armlink [5f371500]

==============================================================================

Section Cross References

    main.o(.text.main) refers to gpio.o(.text.init_ports) for init_ports
    main.o(.text.main) refers to i2c.o(.text.init_i2c) for init_i2c
    main.o(.text.main) refers to ext_in.o(.text.init_ext_in) for init_ext_in
    main.o(.text.main) refers to ssd1306.o(.text.ssd1306_init) for ssd1306_init
    main.o(.text.main) refers to ssd1306.o(.text.ssd1306_update_screen) for ssd1306_update_screen
    main.o(.text.main) refers to main.o(.text.OUTLINED_FUNCTION_0) for OUTLINED_FUNCTION_0
    main.o(.text.main) refers to main.o(.text.OUTLINED_FUNCTION_1) for OUTLINED_FUNCTION_1
    main.o(.text.main) refers to images.o(.text.images_draw_bitmap) for images_draw_bitmap
    main.o(.text.main) refers to ssd1306.o(.text.ssd1306_set_display_mode) for ssd1306_set_display_mode
    main.o(.text.main) refers to ssd1306.o(.text.ssd1306_clear) for ssd1306_clear
    main.o(.text.main) refers to fonts.o(.data.Font_7x10) for Font_7x10
    main.o(.text.main) refers to ssd1306.o(.text.ssd1306_draw_string) for ssd1306_draw_string
    main.o(.text.main) refers to delay.o(.text.delay_ms) for delay_ms
    main.o(.text.main) refers to leds.o(.text.delay_ms) for delay_ms
    main.o(.text.main) refers to images.o(.rodata.PUMAS_LOGO_64x64) for PUMAS_LOGO_64x64
    main.o(.ARM.exidx.text.main) refers to main.o(.text.main) for [Anonymous Symbol]
    main.o(.ARM.exidx.text.OUTLINED_FUNCTION_0) refers to main.o(.text.OUTLINED_FUNCTION_0) for [Anonymous Symbol]
    main.o(.ARM.exidx.text.OUTLINED_FUNCTION_1) refers to main.o(.text.OUTLINED_FUNCTION_1) for [Anonymous Symbol]
    ext_in.o(.text.EXTI0_IRQHandler) refers to ext_in.o(.bss.int0_flag) for int0_flag
    ext_in.o(.ARM.exidx.text.EXTI0_IRQHandler) refers to ext_in.o(.text.EXTI0_IRQHandler) for [Anonymous Symbol]
    ext_in.o(.ARM.exidx.text.init_ext_in) refers to ext_in.o(.text.init_ext_in) for [Anonymous Symbol]
    images.o(.text.images_draw_bitmap) refers to ssd1306.o(.text.ssd1306_draw_pixel) for ssd1306_draw_pixel
    images.o(.ARM.exidx.text.images_draw_bitmap) refers to images.o(.text.images_draw_bitmap) for [Anonymous Symbol]
    images.o(.rodata.PUMAS_LOGO_64x64) refers to images.o(.rodata.PUMAS_LOGO_64x64_data) for PUMAS_LOGO_64x64_data
    delay.o(.text.SysTick_Handler) refers to delay.o(.bss.usTicks) for [Anonymous Symbol]
    delay.o(.ARM.exidx.text.SysTick_Handler) refers to delay.o(.text.SysTick_Handler) for [Anonymous Symbol]
    delay.o(.text.delay_init) refers to system_stm32f10x.o(.text.SystemCoreClockUpdate) for SystemCoreClockUpdate
    delay.o(.text.delay_init) refers to system_stm32f10x.o(.data.SystemCoreClock) for SystemCoreClock
    delay.o(.ARM.exidx.text.delay_init) refers to delay.o(.text.delay_init) for [Anonymous Symbol]
    delay.o(.text.delay_us) refers to delay.o(.bss.usTicks) for [Anonymous Symbol]
    delay.o(.ARM.exidx.text.delay_us) refers to delay.o(.text.delay_us) for [Anonymous Symbol]
    delay.o(.text.delay_ms) refers to delay.o(.text.delay_us) for delay_us
    delay.o(.ARM.exidx.text.delay_ms) refers to delay.o(.text.delay_ms) for [Anonymous Symbol]
    fonts.o(.data.Font_7x10) refers to fonts.o(.rodata.Font_7x10_Data) for Font_7x10_Data
    gpio.o(.ARM.exidx.text.init_ports) refers to gpio.o(.text.init_ports) for [Anonymous Symbol]
    i2c.o(.ARM.exidx.text.init_i2c) refers to i2c.o(.text.init_i2c) for [Anonymous Symbol]
    i2c.o(.ARM.exidx.text.start_i2c) refers to i2c.o(.text.start_i2c) for [Anonymous Symbol]
    i2c.o(.ARM.exidx.text.stop_i2c) refers to i2c.o(.text.stop_i2c) for [Anonymous Symbol]
    i2c.o(.ARM.exidx.text.address_i2c) refers to i2c.o(.text.address_i2c) for [Anonymous Symbol]
    i2c.o(.ARM.exidx.text.data_i2c) refers to i2c.o(.text.data_i2c) for [Anonymous Symbol]
    i2c.o(.text.write_i2c) refers to i2c.o(.text.start_i2c) for start_i2c
    i2c.o(.text.write_i2c) refers to i2c.o(.text.address_i2c) for address_i2c
    i2c.o(.text.write_i2c) refers to i2c.o(.text.data_i2c) for data_i2c
    i2c.o(.ARM.exidx.text.write_i2c) refers to i2c.o(.text.write_i2c) for [Anonymous Symbol]
    leds.o(.text.led_on_off) refers to delay.o(.text.delay_ms) for delay_ms
    leds.o(.text.led_on_off) refers to leds.o(.text.delay_ms) for delay_ms
    leds.o(.ARM.exidx.text.led_on_off) refers to leds.o(.text.led_on_off) for [Anonymous Symbol]
    leds.o(.ARM.exidx.text.delay_ms) refers to leds.o(.text.delay_ms) for [Anonymous Symbol]
    ssd1306.o(.text.ssd1306_set_display_mode) refers to ssd1306.o(.text.ssd1306_send_command) for ssd1306_send_command
    ssd1306.o(.ARM.exidx.text.ssd1306_set_display_mode) refers to ssd1306.o(.text.ssd1306_set_display_mode) for [Anonymous Symbol]
    ssd1306.o(.text.ssd1306_send_command) refers to i2c.o(.text.write_i2c) for write_i2c
    ssd1306.o(.ARM.exidx.text.ssd1306_send_command) refers to ssd1306.o(.text.ssd1306_send_command) for [Anonymous Symbol]
    ssd1306.o(.text.ssd1306_init) refers to rt_memclr_w.o(.text) for __aeabi_memclr4
    ssd1306.o(.text.ssd1306_init) refers to ssd1306.o(.text.ssd1306_update_screen) for ssd1306_update_screen
    ssd1306.o(.text.ssd1306_init) refers to ssd1306.o(.text.ssd1306_send_command) for ssd1306_send_command
    ssd1306.o(.text.ssd1306_init) refers to ssd1306.o(.bss.SSD1306_Buffer) for [Anonymous Symbol]
    ssd1306.o(.ARM.exidx.text.ssd1306_init) refers to ssd1306.o(.text.ssd1306_init) for [Anonymous Symbol]
    ssd1306.o(.text.ssd1306_clear) refers to rt_memclr_w.o(.text) for __aeabi_memclr4
    ssd1306.o(.text.ssd1306_clear) refers to ssd1306.o(.bss.SSD1306_Buffer) for [Anonymous Symbol]
    ssd1306.o(.ARM.exidx.text.ssd1306_clear) refers to ssd1306.o(.text.ssd1306_clear) for [Anonymous Symbol]
    ssd1306.o(.text.ssd1306_update_screen) refers to i2c.o(.text.start_i2c) for start_i2c
    ssd1306.o(.text.ssd1306_update_screen) refers to i2c.o(.text.address_i2c) for address_i2c
    ssd1306.o(.text.ssd1306_update_screen) refers to i2c.o(.text.data_i2c) for data_i2c
    ssd1306.o(.text.ssd1306_update_screen) refers to i2c.o(.text.stop_i2c) for stop_i2c
    ssd1306.o(.text.ssd1306_update_screen) refers to ssd1306.o(.text.ssd1306_send_command) for ssd1306_send_command
    ssd1306.o(.text.ssd1306_update_screen) refers to ssd1306.o(.bss.SSD1306_Buffer) for [Anonymous Symbol]
    ssd1306.o(.ARM.exidx.text.ssd1306_update_screen) refers to ssd1306.o(.text.ssd1306_update_screen) for [Anonymous Symbol]
    ssd1306.o(.text.ssd1306_draw_pixel) refers to ssd1306.o(.bss.SSD1306_Buffer) for [Anonymous Symbol]
    ssd1306.o(.ARM.exidx.text.ssd1306_draw_pixel) refers to ssd1306.o(.text.ssd1306_draw_pixel) for [Anonymous Symbol]
    ssd1306.o(.text.ssd1306_draw_char) refers to ssd1306.o(.text.ssd1306_draw_pixel) for ssd1306_draw_pixel
    ssd1306.o(.ARM.exidx.text.ssd1306_draw_char) refers to ssd1306.o(.text.ssd1306_draw_char) for [Anonymous Symbol]
    ssd1306.o(.text.ssd1306_draw_string) refers to ssd1306.o(.text.ssd1306_draw_char) for ssd1306_draw_char
    ssd1306.o(.ARM.exidx.text.ssd1306_draw_string) refers to ssd1306.o(.text.ssd1306_draw_string) for [Anonymous Symbol]
    ssd1306.o(.text.ssd1306_draw_bitmap) refers to rt_memcpy_v6.o(.text) for __aeabi_memcpy
    ssd1306.o(.text.ssd1306_draw_bitmap) refers to ssd1306.o(.bss.SSD1306_Buffer) for [Anonymous Symbol]
    ssd1306.o(.ARM.exidx.text.ssd1306_draw_bitmap) refers to ssd1306.o(.text.ssd1306_draw_bitmap) for [Anonymous Symbol]
    startup_stm32f10x_md.o(STACK) refers (Special) to heapauxi.o(.text) for __use_two_region_memory
    startup_stm32f10x_md.o(HEAP) refers (Special) to heapauxi.o(.text) for __use_two_region_memory
    startup_stm32f10x_md.o(RESET) refers (Special) to heapauxi.o(.text) for __use_two_region_memory
    startup_stm32f10x_md.o(RESET) refers to startup_stm32f10x_md.o(STACK) for __initial_sp
    startup_stm32f10x_md.o(RESET) refers to startup_stm32f10x_md.o(.text) for Reset_Handler
    startup_stm32f10x_md.o(RESET) refers to delay.o(.text.SysTick_Handler) for SysTick_Handler
    startup_stm32f10x_md.o(RESET) refers to ext_in.o(.text.EXTI0_IRQHandler) for EXTI0_IRQHandler
    startup_stm32f10x_md.o(.text) refers (Special) to heapauxi.o(.text) for __use_two_region_memory
    startup_stm32f10x_md.o(.text) refers to system_stm32f10x.o(.text.SystemInit) for SystemInit
    startup_stm32f10x_md.o(.text) refers to __main.o(!!!main) for __main
    startup_stm32f10x_md.o(.text) refers to startup_stm32f10x_md.o(HEAP) for Heap_Mem
    startup_stm32f10x_md.o(.text) refers to startup_stm32f10x_md.o(STACK) for Stack_Mem
    system_stm32f10x.o(.ARM.exidx.text.SystemInit) refers to system_stm32f10x.o(.text.SystemInit) for [Anonymous Symbol]
    system_stm32f10x.o(.text.SystemCoreClockUpdate) refers to system_stm32f10x.o(.data.SystemCoreClock) for SystemCoreClock
    system_stm32f10x.o(.text.SystemCoreClockUpdate) refers to system_stm32f10x.o(.rodata.AHBPrescTable) for AHBPrescTable
    system_stm32f10x.o(.ARM.exidx.text.SystemCoreClockUpdate) refers to system_stm32f10x.o(.text.SystemCoreClockUpdate) for [Anonymous Symbol]
    rt_memcpy_v6.o(.text) refers to rt_memcpy_w.o(.text) for __aeabi_memcpy4
    __main.o(!!!main) refers to __rtentry.o(.ARM.Collect$$rtentry$$00000000) for __rt_entry
    __rtentry.o(.ARM.Collect$$rtentry$$00000000) refers (Special) to __rtentry2.o(.ARM.Collect$$rtentry$$0000000A) for __rt_entry_li
    __rtentry.o(.ARM.Collect$$rtentry$$00000000) refers (Special) to __rtentry2.o(.ARM.Collect$$rtentry$$0000000D) for __rt_entry_main
    __rtentry.o(.ARM.Collect$$rtentry$$00000000) refers (Special) to __rtentry2.o(.ARM.Collect$$rtentry$$0000000C) for __rt_entry_postli_1
    __rtentry.o(.ARM.Collect$$rtentry$$00000000) refers (Special) to __rtentry2.o(.ARM.Collect$$rtentry$$00000009) for __rt_entry_postsh_1
    __rtentry.o(.ARM.Collect$$rtentry$$00000000) refers (Special) to __rtentry2.o(.ARM.Collect$$rtentry$$00000002) for __rt_entry_presh_1
    __rtentry.o(.ARM.Collect$$rtentry$$00000000) refers (Special) to __rtentry4.o(.ARM.Collect$$rtentry$$00000004) for __rt_entry_sh
    __rtentry2.o(.ARM.Collect$$rtentry$$00000008) refers to boardinit2.o(.text) for _platform_post_stackheap_init
    __rtentry2.o(.ARM.Collect$$rtentry$$0000000A) refers to libinit.o(.ARM.Collect$$libinit$$00000000) for __rt_lib_init
    __rtentry2.o(.ARM.Collect$$rtentry$$0000000B) refers to boardinit3.o(.text) for _platform_post_lib_init
    __rtentry2.o(.ARM.Collect$$rtentry$$0000000D) refers to main.o(.text.main) for main
    __rtentry2.o(.ARM.Collect$$rtentry$$0000000D) refers to exit.o(.text) for exit
    __rtentry2.o(.ARM.exidx) refers to __rtentry2.o(.ARM.Collect$$rtentry$$00000001) for .ARM.Collect$$rtentry$$00000001
    __rtentry2.o(.ARM.exidx) refers to __rtentry2.o(.ARM.Collect$$rtentry$$00000008) for .ARM.Collect$$rtentry$$00000008
    __rtentry2.o(.ARM.exidx) refers to __rtentry2.o(.ARM.Collect$$rtentry$$0000000A) for .ARM.Collect$$rtentry$$0000000A
    __rtentry2.o(.ARM.exidx) refers to __rtentry2.o(.ARM.Collect$$rtentry$$0000000B) for .ARM.Collect$$rtentry$$0000000B
    __rtentry2.o(.ARM.exidx) refers to __rtentry2.o(.ARM.Collect$$rtentry$$0000000D) for .ARM.Collect$$rtentry$$0000000D
    __rtentry4.o(.ARM.Collect$$rtentry$$00000004) refers to sys_stackheap_outer.o(.text) for __user_setup_stackheap
    __rtentry4.o(.ARM.exidx) refers to __rtentry4.o(.ARM.Collect$$rtentry$$00000004) for .ARM.Collect$$rtentry$$00000004
    sys_stackheap_outer.o(.text) refers to libspace.o(.text) for __user_perproc_libspace
    sys_stackheap_outer.o(.text) refers to startup_stm32f10x_md.o(.text) for __user_initial_stackheap
    exit.o(.text) refers to rtexit.o(.ARM.Collect$$rtexit$$00000000) for __rt_exit
    libinit.o(.ARM.Collect$$libinit$$00000000) refers (Special) to libinit2.o(.ARM.Collect$$libinit$$00000030) for __rt_lib_init_alloca_1
    libinit.o(.ARM.Collect$$libinit$$00000000) refers (Special) to libinit2.o(.ARM.Collect$$libinit$$0000002E) for __rt_lib_init_argv_1
    libinit.o(.ARM.Collect$$libinit$$00000000) refers (Special) to libinit2.o(.ARM.Collect$$libinit$$0000001D) for __rt_lib_init_atexit_1
    libinit.o(.ARM.Collect$$libinit$$00000000) refers (Special) to libinit2.o(.ARM.Collect$$libinit$$00000023) for __rt_lib_init_clock_1
    libinit.o(.ARM.Collect$$libinit$$00000000) refers (Special) to libinit2.o(.ARM.Collect$$libinit$$00000034) for __rt_lib_init_cpp_1
    libinit.o(.ARM.Collect$$libinit$$00000000) refers (Special) to libinit2.o(.ARM.Collect$$libinit$$00000032) for __rt_lib_init_exceptions_1
    libinit.o(.ARM.Collect$$libinit$$00000000) refers (Special) to libinit2.o(.ARM.Collect$$libinit$$00000002) for __rt_lib_init_fp_1
    libinit.o(.ARM.Collect$$libinit$$00000000) refers (Special) to libinit2.o(.ARM.Collect$$libinit$$00000021) for __rt_lib_init_fp_trap_1
    libinit.o(.ARM.Collect$$libinit$$00000000) refers (Special) to libinit2.o(.ARM.Collect$$libinit$$00000025) for __rt_lib_init_getenv_1
    libinit.o(.ARM.Collect$$libinit$$00000000) refers (Special) to libinit2.o(.ARM.Collect$$libinit$$0000000C) for __rt_lib_init_heap_1
    libinit.o(.ARM.Collect$$libinit$$00000000) refers (Special) to libinit2.o(.ARM.Collect$$libinit$$00000013) for __rt_lib_init_lc_collate_1
    libinit.o(.ARM.Collect$$libinit$$00000000) refers (Special) to libinit2.o(.ARM.Collect$$libinit$$00000015) for __rt_lib_init_lc_ctype_1
    libinit.o(.ARM.Collect$$libinit$$00000000) refers (Special) to libinit2.o(.ARM.Collect$$libinit$$00000017) for __rt_lib_init_lc_monetary_1
    libinit.o(.ARM.Collect$$libinit$$00000000) refers (Special) to libinit2.o(.ARM.Collect$$libinit$$00000019) for __rt_lib_init_lc_numeric_1
    libinit.o(.ARM.Collect$$libinit$$00000000) refers (Special) to libinit2.o(.ARM.Collect$$libinit$$0000001B) for __rt_lib_init_lc_time_1
    libinit.o(.ARM.Collect$$libinit$$00000000) refers (Special) to libinit2.o(.ARM.Collect$$libinit$$00000006) for __rt_lib_init_preinit_1
    libinit.o(.ARM.Collect$$libinit$$00000000) refers (Special) to libinit2.o(.ARM.Collect$$libinit$$00000010) for __rt_lib_init_rand_1
    libinit.o(.ARM.Collect$$libinit$$00000000) refers (Special) to libinit2.o(.ARM.Collect$$libinit$$00000004) for __rt_lib_init_relocate_pie_1
    libinit.o(.ARM.Collect$$libinit$$00000000) refers (Special) to libinit2.o(.ARM.Collect$$libinit$$00000035) for __rt_lib_init_return
    libinit.o(.ARM.Collect$$libinit$$00000000) refers (Special) to libinit2.o(.ARM.Collect$$libinit$$0000001F) for __rt_lib_init_signal_1
    libinit.o(.ARM.Collect$$libinit$$00000000) refers (Special) to libinit2.o(.ARM.Collect$$libinit$$00000027) for __rt_lib_init_stdio_1
    libinit.o(.ARM.Collect$$libinit$$00000000) refers (Special) to libinit2.o(.ARM.Collect$$libinit$$0000000E) for __rt_lib_init_user_alloc_1
    libspace.o(.text) refers to libspace.o(.bss) for __libspace_start
    rtexit.o(.ARM.Collect$$rtexit$$00000000) refers (Special) to rtexit2.o(.ARM.Collect$$rtexit$$00000004) for __rt_exit_exit
    rtexit.o(.ARM.Collect$$rtexit$$00000000) refers (Special) to rtexit2.o(.ARM.Collect$$rtexit$$00000003) for __rt_exit_ls
    rtexit.o(.ARM.Collect$$rtexit$$00000000) refers (Special) to rtexit2.o(.ARM.Collect$$rtexit$$00000002) for __rt_exit_prels_1
    rtexit.o(.ARM.exidx) refers (Special) to rtexit2.o(.ARM.Collect$$rtexit$$00000004) for __rt_exit_exit
    rtexit.o(.ARM.exidx) refers (Special) to rtexit2.o(.ARM.Collect$$rtexit$$00000003) for __rt_exit_ls
    rtexit.o(.ARM.exidx) refers (Special) to rtexit2.o(.ARM.Collect$$rtexit$$00000002) for __rt_exit_prels_1
    rtexit.o(.ARM.exidx) refers to rtexit.o(.ARM.Collect$$rtexit$$00000000) for .ARM.Collect$$rtexit$$00000000
    libinit2.o(.ARM.Collect$$libinit$$00000012) refers to libinit2.o(.ARM.Collect$$libinit$$00000011) for .ARM.Collect$$libinit$$00000011
    libinit2.o(.ARM.Collect$$libinit$$00000014) refers to libinit2.o(.ARM.Collect$$libinit$$00000011) for .ARM.Collect$$libinit$$00000011
    libinit2.o(.ARM.Collect$$libinit$$00000016) refers to libinit2.o(.ARM.Collect$$libinit$$00000011) for .ARM.Collect$$libinit$$00000011
    libinit2.o(.ARM.Collect$$libinit$$00000018) refers to libinit2.o(.ARM.Collect$$libinit$$00000011) for .ARM.Collect$$libinit$$00000011
    libinit2.o(.ARM.Collect$$libinit$$0000001A) refers to libinit2.o(.ARM.Collect$$libinit$$00000011) for .ARM.Collect$$libinit$$00000011
    libinit2.o(.ARM.Collect$$libinit$$00000028) refers to argv_veneer.o(.emb_text) for __ARM_argv_veneer
    libinit2.o(.ARM.Collect$$libinit$$00000029) refers to argv_veneer.o(.emb_text) for __ARM_argv_veneer
    rtexit2.o(.ARM.Collect$$rtexit$$00000003) refers to libshutdown.o(.ARM.Collect$$libshutdown$$00000000) for __rt_lib_shutdown
    rtexit2.o(.ARM.Collect$$rtexit$$00000004) refers to sys_exit.o(.text) for _sys_exit
    rtexit2.o(.ARM.exidx) refers to rtexit2.o(.ARM.Collect$$rtexit$$00000001) for .ARM.Collect$$rtexit$$00000001
    rtexit2.o(.ARM.exidx) refers to rtexit2.o(.ARM.Collect$$rtexit$$00000003) for .ARM.Collect$$rtexit$$00000003
    rtexit2.o(.ARM.exidx) refers to rtexit2.o(.ARM.Collect$$rtexit$$00000004) for .ARM.Collect$$rtexit$$00000004
    argv_veneer.o(.emb_text) refers to no_argv.o(.text) for __ARM_get_argv
    sys_exit.o(.text) refers (Special) to use_no_semi.o(.text) for __I$use$semihosting
    sys_exit.o(.text) refers (Special) to indicate_semi.o(.text) for __semihosting_library_function
    sys_exit_hlt.o(.text) refers (Special) to use_no_semi.o(.text) for __I$use$semihosting
    sys_exit_hlt.o(.text) refers (Special) to indicate_semi.o(.text) for __semihosting_library_function
    _get_argv_nomalloc.o(.text) refers (Special) to hrguard.o(.text) for __heap_region$guard
    _get_argv_nomalloc.o(.text) refers to defsig_rtmem_outer.o(.text) for __rt_SIGRTMEM
    _get_argv_nomalloc.o(.text) refers to sys_command.o(.text) for _sys_command_string
    libshutdown.o(.ARM.Collect$$libshutdown$$00000000) refers (Special) to libshutdown2.o(.ARM.Collect$$libshutdown$$00000002) for __rt_lib_shutdown_cpp_1
    libshutdown.o(.ARM.Collect$$libshutdown$$00000000) refers (Special) to libshutdown2.o(.ARM.Collect$$libshutdown$$00000007) for __rt_lib_shutdown_fp_trap_1
    libshutdown.o(.ARM.Collect$$libshutdown$$00000000) refers (Special) to libshutdown2.o(.ARM.Collect$$libshutdown$$0000000F) for __rt_lib_shutdown_heap_1
    libshutdown.o(.ARM.Collect$$libshutdown$$00000000) refers (Special) to libshutdown2.o(.ARM.Collect$$libshutdown$$00000010) for __rt_lib_shutdown_return
    libshutdown.o(.ARM.Collect$$libshutdown$$00000000) refers (Special) to libshutdown2.o(.ARM.Collect$$libshutdown$$0000000A) for __rt_lib_shutdown_signal_1
    libshutdown.o(.ARM.Collect$$libshutdown$$00000000) refers (Special) to libshutdown2.o(.ARM.Collect$$libshutdown$$00000004) for __rt_lib_shutdown_stdio_1
    libshutdown.o(.ARM.Collect$$libshutdown$$00000000) refers (Special) to libshutdown2.o(.ARM.Collect$$libshutdown$$0000000C) for __rt_lib_shutdown_user_alloc_1
    sys_command.o(.text) refers (Special) to use_no_semi.o(.text) for __I$use$semihosting
    sys_command.o(.text) refers (Special) to indicate_semi.o(.text) for __semihosting_library_function
    sys_command_hlt.o(.text) refers (Special) to use_no_semi.o(.text) for __I$use$semihosting
    sys_command_hlt.o(.text) refers (Special) to indicate_semi.o(.text) for __semihosting_library_function
    defsig_rtmem_outer.o(.text) refers to defsig_rtmem_inner.o(.text) for __rt_SIGRTMEM_inner
    defsig_rtmem_outer.o(.text) refers to defsig_exit.o(.text) for __sig_exit
    defsig_rtmem_formal.o(.text) refers to rt_raise.o(.text) for __rt_raise
    rt_raise.o(.text) refers to __raise.o(.text) for __raise
    rt_raise.o(.text) refers to sys_exit.o(.text) for _sys_exit
    defsig_exit.o(.text) refers to sys_exit.o(.text) for _sys_exit
    defsig_rtmem_inner.o(.text) refers to defsig_general.o(.text) for __default_signal_display
    __raise.o(.text) refers to defsig.o(CL$$defsig) for __default_signal_handler
    defsig_general.o(.text) refers to sys_wrch.o(.text) for _ttywrch
    sys_wrch.o(.text) refers (Special) to use_no_semi.o(.text) for __I$use$semihosting
    sys_wrch.o(.text) refers (Special) to indicate_semi.o(.text) for __semihosting_library_function
    sys_wrch_hlt.o(.text) refers (Special) to use_no_semi.o(.text) for __I$use$semihosting
    sys_wrch_hlt.o(.text) refers (Special) to indicate_semi.o(.text) for __semihosting_library_function
    defsig.o(CL$$defsig) refers to defsig_rtmem_inner.o(.text) for __rt_SIGRTMEM_inner
    defsig_abrt_inner.o(.text) refers to defsig_general.o(.text) for __default_signal_display
    defsig_fpe_inner.o(.text) refers to defsig_general.o(.text) for __default_signal_display
    defsig_rtred_inner.o(.text) refers to defsig_general.o(.text) for __default_signal_display
    defsig_stak_inner.o(.text) refers to defsig_general.o(.text) for __default_signal_display
    defsig_pvfn_inner.o(.text) refers to defsig_general.o(.text) for __default_signal_display
    defsig_cppl_inner.o(.text) refers to defsig_general.o(.text) for __default_signal_display
    defsig_segv_inner.o(.text) refers to defsig_general.o(.text) for __default_signal_display
    defsig_other.o(.text) refers to defsig_general.o(.text) for __default_signal_display

